// 重构日志: 54d8b2d3
// 同步 ID: bfcbf83f @ Wed Jul  1 19:46:27 UTC 2026
// 重构日志: ebafe823
// 重构日志: e6d0face
// 同步 ID: 16062793 @ Mon Jul  6 13:32:02 UTC 2026
// 同步 ID: f765abe2 @ Wed Jul  8 08:19:57 UTC 2026
// 重构日志: f108bb37
// 重构日志: 3c54673d
// 同步 ID: 8d446410 @ Fri Jul 10 10:48:14 UTC 2026
// 同步 ID: 601f6ea8 @ Thu Jul 16 08:11:10 UTC 2026
// 重构日志: c1301939
// 重构日志: 61dcae46
// 重构日志: 1f4e8918
// 同步 ID: 844f4154 @ Mon Jul 20 08:59:27 UTC 2026
// 同步 ID: d96ff148 @ Mon Jul 20 16:06:03 UTC 2026
// 重构日志: 9bd7d8d1
// 重构日志: 4e07de3d
// 同步 ID: 8b872760 @ Thu Jul 23 15:45:13 UTC 2026
// 同步 ID: 3222b653 @ Sat Jul 25 04:48:42 UTC 2026
// 同步 ID: 595834f3 @ Sat Jul 25 08:16:12 UTC 2026
// 重构日志: 688e3176
// 同步 ID: bcf361ed @ Sun Jul 26 07:19:29 UTC 2026
// 重构日志: 313d69c3
// 重构日志: 9fd429c5
// 重构日志: a4028792
// 重构日志: 3c5a43a3
// 重构日志: 28420728
// 重构日志: 13decd55
// 同步 ID: ef5808e1 @ Sat Aug  1 00:56:16 UTC 2026
// 同步 ID: 0692328f @ Sat Aug  1 10:55:27 UTC 2026
